{
  "collection": "albums",
  "query": {
    "fields": {
      "Title": {
        "type": "column",
        "column": "Title",
        "arguments": {}
      }
    },
    "limit": 5,
    "offset": 100,
    "predicate": {
      "type": "not",
      "expression": {
        "type": "unary_comparison_operator",
        "operator": "is_null",
        "column": {
          "type": "column",
          "name": "AlbumId",
          "path": []
        }
      }
    }
  },
  "arguments": {},
  "collection_relationships": {}
}
