{
  "table": "Album",
  "query": {
    "aggregates": {
      "max_artist_id": {
        "type": "single_column",
        "column": "ArtistId",
        "function": "max"
      }
    }
  },
  "arguments": {},
  "table_relationships": {}
}
