{
  "Album": {
    "schema_name": "public",
    "table_name": "Album",
    "columns": {
      "AlbumId": {
        "name": "AlbumId"
      },
      "Title": {
        "name": "Title"
      },
      "ArtistId": {
        "name": "ArtistId"
      }
    }
  }
}
