{
  "Album": {
    "schema_name": "public",
    "table_name": "Album",
    "columns": {
      "AlbumId": {
        "name": "AlbumId",
        "type": "Int"
      },
      "Title": {
        "name": "Title",
        "type": "String"
      },
      "ArtistId": {
        "name": "ArtistId",
        "type": "Int"
      }
    }
  },
  "Artist": {
    "schema_name": "public",
    "table_name": "Artist",
    "columns": {
      "ArtistId": {
        "name": "ArtistId",
        "type": "Int"
      },
      "Name": {
        "name": "Name",
        "type": "String"
      }
    }
  },
  "Track": {
    "schema_name": "public",
    "table_name": "Track",
    "columns": {
      "TrackId": {
        "name": "TrackId",
        "type": "Int"
      },
      "Name": {
        "name": "Name",
        "type": "String"
      },
      "AlbumId": {
        "name": "AlbumId",
        "type": "Int"
      }
    }
  }
}
