{
  "Album": {
    "schema_name": "public",
    "table_name": "Album",
    "columns": {
      "AlbumId": {
        "name": "AlbumId"
      },
      "Title": {
        "name": "Title"
      },
      "ArtistId": {
        "name": "ArtistId"
      }
    }
  },
  "Artist": {
    "schema_name": "public",
    "table_name": "Artist",
    "columns": {
      "ArtistId": {
        "name": "ArtistId"
      },
      "Name": {
        "name": "Name"
      }
    }
  }
}
