{
  "native_queries": {
    "artist_by_name": {
      "sql": "SELECT * FROM public.\"Artist\" WHERE \"Name\" = {{name}}",
      "columns": {
        "ArtistId": {
          "name": "ArtistId",
          "type": "Int"
        },
        "Name": {
          "name": "Name",
          "type": "String"
        }
      },
      "arguments": {
        "name": {
          "name": "name",
          "type": "String"
        }
      }
    }
  }
}
