---
source: crates/query-engine/tests/tests.rs
expression: result
---
SELECT coalesce(json_agg(row_to_json("root")), '[]') AS "rows" FROM (SELECT COUNT(*) AS "how_many_albums" FROM "public"."Album" AS "Album") AS "root"

[]
