---
source: crates/query-engine/tests/tests.rs
expression: result
---
SELECT coalesce(json_agg(row_to_json("root")), '[]') AS "rows" FROM (SELECT "Album"."Title" AS "Title" FROM "public"."Album" AS "Album" LIMIT 5 OFFSET 3) AS "root"

[]
