---
source: crates/ndc-postgres/tests/query_tests.rs
expression: result
---
[
  {
    "rows": [
      {
        "AlbumId": {
          "value": 1
        },
        "Title": {
          "value": "For Those About To Rock We Salute You"
        }
      }
    ]
  }
]
