{
  "table": "Album",
  "query": {
    "fields": {
      "AlbumId": {
        "type": "column",
        "column": "AlbumId",
        "arguments": {}
      },
      "Title": {
        "type": "column",
        "column": "Title",
        "arguments": {}
      }
    },
    "where": {
      "type": "and",
      "expressions": [
        {
          "type": "binary_comparison_operator",
          "column": {
            "type": "column",
            "name": "Title",
            "path": []
          },
          "operator": {
            "type": "other",
            "name": "like"
          },
          "value": {
            "type": "scalar",
            "value": "%Rock%"
          }
        }
      ]
    }
  },
  "arguments": {},
  "table_relationships": {}
}
