{
  "tables": {
    "album": {
      "schema_name": "public",
      "table_name": "Album",
      "columns": {
        "album_id": {
          "name": "AlbumId",
          "type": "Int"
        },
        "title": {
          "name": "Title",
          "type": "String"
        },
        "artist_id": {
          "name": "ArtistId",
          "type": "Int"
        }
      }
    },
    "artist": {
      "schema_name": "public",
      "table_name": "Artist",
      "columns": {
        "artist_id": {
          "name": "ArtistId",
          "type": "Int"
        },
        "name": {
          "name": "Name",
          "type": "String"
        }
      }
    },
    "track": {
      "schema_name": "public",
      "table_name": "Track",
      "columns": {
        "track_id": {
          "name": "TrackId",
          "type": "Int"
        },
        "name": {
          "name": "Name",
          "type": "String"
        },
        "album_id": {
          "name": "AlbumId",
          "type": "Int"
        }
      }
    }
  }
}
