---
source: crates/postgres-multitenant-ndc/tests/tests.rs
expression: result
---
[
  {
    "rows": [
      {
        "AlbumId": {
          "value": 6
        },
        "Title": {
          "value": "Jagged Little Pill"
        }
      }
    ]
  }
]
