{
  "collection": "albums",
  "query": {
    "fields": {
      "Title": {
        "type": "column",
        "column": "Title"
      }
    },
    "predicate": {
      "type": "and",
      "expressions": [
        {
          "type": "and",
          "expressions": [
            {
              "type": "and",
              "expressions": [
                {
                  "type": "binary_comparison_operator",
                  "column": {
                    "type": "column",
                    "name": "Title",
                    "path": []
                  },
                  "operator": "_like",
                  "value": {
                    "type": "scalar",
                    "value": "Jagged %"
                  }
                }
              ]
            },
            {
              "type": "and",
              "expressions": [
                {
                  "type": "binary_comparison_operator",
                  "column": {
                    "type": "column",
                    "name": "Title",
                    "path": []
                  },
                  "operator": "_like",
                  "value": {
                    "type": "scalar",
                    "value": "% Little Pill"
                  }
                }
              ]
            }
          ]
        }
      ]
    },
    "order_by": {
      "elements": [
        {
          "order_direction": "asc",
          "target": {
            "type": "column",
            "name": "AlbumId",
            "path": []
          }
        }
      ]
    }
  },
  "arguments": {},
  "collection_relationships": {}
}
