{
  "collection": "Album",
  "query": {
    "fields": { "Title": { "type": "column", "column": "Title" } },
    "where": {
      "type": "and",
      "expressions": [
        {
          "type": "or",
          "expressions": [
            {
              "type": "and",
              "expressions": [
                {
                  "type": "binary_comparison_operator",
                  "column": { "type": "column", "name": "Title", "path": [] },
                  "operator": { "type": "equal" },
                  "value": { "type": "scalar", "value": "Facelift" }
                }
              ]
            },
            {
              "type": "and",
              "expressions": [
                {
                  "type": "binary_comparison_operator",
                  "column": { "type": "column", "name": "Title", "path": [] },
                  "operator": { "type": "equal" },
                  "value": { "type": "scalar", "value": "Jagged Little Pill" }
                }
              ]
            }
          ]
        }
      ]
    }
  },
  "arguments": {},
  "collection_relationships": {}
}
